mode: set
github.com/infracost/go-proto/pkg/flag/flags.go:63.41,65.32 2 1
github.com/infracost/go-proto/pkg/flag/flags.go:65.32,66.30 1 1
github.com/infracost/go-proto/pkg/flag/flags.go:66.30,68.4 1 1
github.com/infracost/go-proto/pkg/flag/flags.go:70.2,71.55 2 1
github.com/infracost/go-proto/pkg/flag/flags.go:75.35,77.2 1 1
github.com/infracost/go-proto/pkg/flag/flags.go:80.35,82.2 1 1
github.com/infracost/go-proto/pkg/flag/flags.go:85.30,87.2 1 1
github.com/infracost/go-proto/pkg/flag/flags.go:90.33,92.2 1 1
github.com/infracost/go-proto/pkg/flag/flags.go:96.32,98.2 1 1
github.com/infracost/go-proto/pkg/flag/flags.go:101.37,103.2 1 1
github.com/infracost/go-proto/pkg/flag/flags.go:106.38,108.2 1 1
github.com/infracost/go-proto/pkg/flag/flags.go:111.40,113.2 1 1
github.com/infracost/go-proto/pkg/flag/flags.go:116.41,118.2 1 1
github.com/infracost/go-proto/pkg/flag/flags.go:121.36,123.2 1 1
github.com/infracost/go-proto/pkg/flag/flags.go:126.39,128.2 1 1
github.com/infracost/go-proto/pkg/flag/flags.go:131.36,133.2 1 1
github.com/infracost/go-proto/pkg/flag/flags.go:136.35,138.2 1 1
github.com/infracost/go-proto/pkg/flag/flags.go:141.40,143.2 1 1
github.com/infracost/go-proto/pkg/flag/flags.go:146.44,148.2 1 1
github.com/infracost/go-proto/pkg/flag/flags.go:151.44,153.2 1 1
github.com/infracost/go-proto/pkg/flag/flags.go:156.37,158.2 1 0
github.com/infracost/go-proto/pkg/flag/flags.go:161.33,163.2 1 1
github.com/infracost/go-proto/pkg/flag/flags.go:166.32,168.2 1 1
github.com/infracost/go-proto/pkg/address/address.go:30.47,31.32 1 1
github.com/infracost/go-proto/pkg/address/address.go:31.32,33.3 1 1
github.com/infracost/go-proto/pkg/address/address.go:34.2,34.16 1 1
github.com/infracost/go-proto/pkg/address/address.go:38.50,39.18 1 1
github.com/infracost/go-proto/pkg/address/address.go:39.18,41.3 1 1
github.com/infracost/go-proto/pkg/address/address.go:42.2,42.31 1 1
github.com/infracost/go-proto/pkg/address/address.go:46.49,47.32 1 1
github.com/infracost/go-proto/pkg/address/address.go:47.32,49.3 1 1
github.com/infracost/go-proto/pkg/address/address.go:50.2,50.30 1 1
github.com/infracost/go-proto/pkg/address/address.go:54.52,56.53 2 1
github.com/infracost/go-proto/pkg/address/address.go:56.53,58.3 1 0
github.com/infracost/go-proto/pkg/address/address.go:59.2,60.12 2 1
github.com/infracost/go-proto/pkg/address/address.go:64.37,65.44 1 1
github.com/infracost/go-proto/pkg/address/address.go:65.44,67.3 1 1
github.com/infracost/go-proto/pkg/address/address.go:68.2,70.39 3 1
github.com/infracost/go-proto/pkg/address/address.go:70.39,71.10 1 1
github.com/infracost/go-proto/pkg/address/address.go:72.22,74.25 2 1
github.com/infracost/go-proto/pkg/address/address.go:75.30,77.24 2 1
github.com/infracost/go-proto/pkg/address/address.go:78.11,79.64 1 1
github.com/infracost/go-proto/pkg/address/address.go:82.2,82.62 1 0
github.com/infracost/go-proto/pkg/address/address.go:86.36,87.32 1 1
github.com/infracost/go-proto/pkg/address/address.go:87.32,89.3 1 1
github.com/infracost/go-proto/pkg/address/address.go:90.2,91.97 2 1
github.com/infracost/go-proto/pkg/address/address.go:95.50,96.32 1 1
github.com/infracost/go-proto/pkg/address/address.go:96.32,98.3 1 1
github.com/infracost/go-proto/pkg/address/address.go:99.2,99.25 1 1
github.com/infracost/go-proto/pkg/address/address.go:103.58,105.2 1 1
github.com/infracost/go-proto/pkg/address/address.go:108.29,109.32 1 1
github.com/infracost/go-proto/pkg/address/address.go:109.32,111.3 1 1
github.com/infracost/go-proto/pkg/address/address.go:112.2,112.30 1 1
github.com/infracost/go-proto/pkg/address/address.go:116.34,117.32 1 1
github.com/infracost/go-proto/pkg/address/address.go:117.32,119.3 1 1
github.com/infracost/go-proto/pkg/address/address.go:120.2,120.35 1 1
github.com/infracost/go-proto/pkg/address/address.go:124.36,125.32 1 1
github.com/infracost/go-proto/pkg/address/address.go:125.32,127.3 1 1
github.com/infracost/go-proto/pkg/address/address.go:128.2,128.32 1 1
github.com/infracost/go-proto/pkg/address/address.go:128.32,130.3 1 1
github.com/infracost/go-proto/pkg/address/address.go:131.2,131.34 1 1
github.com/infracost/go-proto/pkg/address/address.go:135.40,136.32 1 1
github.com/infracost/go-proto/pkg/address/address.go:136.32,138.3 1 1
github.com/infracost/go-proto/pkg/address/address.go:139.2,139.32 1 1
github.com/infracost/go-proto/pkg/address/address.go:139.32,141.3 1 1
github.com/infracost/go-proto/pkg/address/address.go:142.2,142.75 1 1
github.com/infracost/go-proto/pkg/address/address.go:146.52,147.32 1 1
github.com/infracost/go-proto/pkg/address/address.go:147.32,149.3 1 1
github.com/infracost/go-proto/pkg/address/address.go:150.2,150.17 1 1
github.com/infracost/go-proto/pkg/address/address.go:150.17,152.3 1 1
github.com/infracost/go-proto/pkg/address/address.go:153.2,153.25 1 1
github.com/infracost/go-proto/pkg/address/address.go:153.25,155.3 1 1
github.com/infracost/go-proto/pkg/address/address.go:156.2,158.34 2 1
github.com/infracost/go-proto/pkg/address/address.go:158.34,161.62 3 1
github.com/infracost/go-proto/pkg/address/address.go:161.62,162.61 1 1
github.com/infracost/go-proto/pkg/address/address.go:162.61,167.5 1 1
github.com/infracost/go-proto/pkg/address/address.go:171.2,171.12 1 1
github.com/infracost/go-proto/pkg/address/address.go:175.33,177.2 1 1
github.com/infracost/go-proto/pkg/address/address.go:180.42,187.24 7 1
github.com/infracost/go-proto/pkg/address/address.go:187.24,188.15 1 1
github.com/infracost/go-proto/pkg/address/address.go:188.15,190.12 2 1
github.com/infracost/go-proto/pkg/address/address.go:192.3,192.14 1 1
github.com/infracost/go-proto/pkg/address/address.go:192.14,194.12 2 1
github.com/infracost/go-proto/pkg/address/address.go:196.3,196.15 1 1
github.com/infracost/go-proto/pkg/address/address.go:196.15,197.18 1 1
github.com/infracost/go-proto/pkg/address/address.go:197.18,199.5 1 1
github.com/infracost/go-proto/pkg/address/address.go:200.4,200.21 1 1
github.com/infracost/go-proto/pkg/address/address.go:200.21,201.69 1 1
github.com/infracost/go-proto/pkg/address/address.go:201.69,203.6 1 0
github.com/infracost/go-proto/pkg/address/address.go:203.11,205.6 1 1
github.com/infracost/go-proto/pkg/address/address.go:207.4,209.12 3 1
github.com/infracost/go-proto/pkg/address/address.go:211.3,211.15 1 1
github.com/infracost/go-proto/pkg/address/address.go:211.15,212.19 1 1
github.com/infracost/go-proto/pkg/address/address.go:212.19,214.5 1 1
github.com/infracost/go-proto/pkg/address/address.go:216.4,217.20 2 1
github.com/infracost/go-proto/pkg/address/address.go:217.20,218.26 1 1
github.com/infracost/go-proto/pkg/address/address.go:218.26,220.57 2 1
github.com/infracost/go-proto/pkg/address/address.go:220.57,224.15 4 1
github.com/infracost/go-proto/pkg/address/address.go:227.5,230.16 2 0
github.com/infracost/go-proto/pkg/address/address.go:231.10,232.66 1 1
github.com/infracost/go-proto/pkg/address/address.go:232.66,233.27 1 1
github.com/infracost/go-proto/pkg/address/address.go:233.27,235.58 2 1
github.com/infracost/go-proto/pkg/address/address.go:235.58,238.16 3 1
github.com/infracost/go-proto/pkg/address/address.go:241.6,243.8 1 0
github.com/infracost/go-proto/pkg/address/address.go:244.11,246.6 1 1
github.com/infracost/go-proto/pkg/address/address.go:247.5,247.19 1 0
github.com/infracost/go-proto/pkg/address/address.go:249.4,249.12 1 0
github.com/infracost/go-proto/pkg/address/address.go:251.3,251.17 1 1
github.com/infracost/go-proto/pkg/address/address.go:251.17,253.12 2 1
github.com/infracost/go-proto/pkg/address/address.go:255.3,255.15 1 1
github.com/infracost/go-proto/pkg/address/address.go:255.15,256.21 1 1
github.com/infracost/go-proto/pkg/address/address.go:256.21,257.69 1 1
github.com/infracost/go-proto/pkg/address/address.go:257.69,259.6 1 1
github.com/infracost/go-proto/pkg/address/address.go:259.11,261.6 1 1
github.com/infracost/go-proto/pkg/address/address.go:262.5,262.17 1 1
github.com/infracost/go-proto/pkg/address/address.go:264.4,264.12 1 1
github.com/infracost/go-proto/pkg/address/address.go:266.3,266.23 1 1
github.com/infracost/go-proto/pkg/address/address.go:268.2,268.16 1 1
github.com/infracost/go-proto/pkg/address/address.go:268.16,270.3 1 1
github.com/infracost/go-proto/pkg/address/address.go:271.2,271.13 1 1
github.com/infracost/go-proto/pkg/address/address.go:271.13,273.3 1 0
github.com/infracost/go-proto/pkg/address/address.go:274.2,274.19 1 1
github.com/infracost/go-proto/pkg/address/address.go:274.19,275.67 1 1
github.com/infracost/go-proto/pkg/address/address.go:275.67,277.4 1 0
github.com/infracost/go-proto/pkg/address/address.go:277.9,279.4 1 1
github.com/infracost/go-proto/pkg/address/address.go:281.2,281.68 1 1
github.com/infracost/go-proto/pkg/address/address.go:286.43,287.39 1 1
github.com/infracost/go-proto/pkg/address/address.go:287.39,289.3 1 1
github.com/infracost/go-proto/pkg/address/address.go:290.2,291.12 2 1
github.com/infracost/go-proto/pkg/address/address.go:295.49,296.32 1 1
github.com/infracost/go-proto/pkg/address/address.go:296.32,298.3 1 1
github.com/infracost/go-proto/pkg/address/address.go:299.2,300.31 2 1
github.com/infracost/go-proto/pkg/address/address.go:300.31,302.3 1 1
github.com/infracost/go-proto/pkg/address/address.go:303.2,303.23 1 1
github.com/infracost/go-proto/pkg/address/address.go:303.23,304.31 1 1
github.com/infracost/go-proto/pkg/address/address.go:305.26,306.16 1 1
github.com/infracost/go-proto/pkg/address/address.go:306.16,308.5 1 1
github.com/infracost/go-proto/pkg/address/address.go:309.17,310.16 1 1
github.com/infracost/go-proto/pkg/address/address.go:310.16,312.5 1 1
github.com/infracost/go-proto/pkg/address/address.go:313.17,314.27 1 1
github.com/infracost/go-proto/pkg/address/address.go:314.27,316.5 1 1
github.com/infracost/go-proto/pkg/address/address.go:317.15,318.79 1 1
github.com/infracost/go-proto/pkg/address/address.go:319.12,321.95 2 1
github.com/infracost/go-proto/pkg/address/address.go:321.95,325.5 1 0
github.com/infracost/go-proto/pkg/address/address.go:325.10,327.5 1 1
github.com/infracost/go-proto/pkg/address/address.go:328.14,329.95 1 1
github.com/infracost/go-proto/pkg/address/address.go:329.95,333.5 1 0
github.com/infracost/go-proto/pkg/address/address.go:333.10,335.5 1 1
github.com/infracost/go-proto/pkg/address/address.go:336.16,338.95 2 1
github.com/infracost/go-proto/pkg/address/address.go:338.95,342.5 1 0
github.com/infracost/go-proto/pkg/address/address.go:342.10,344.5 1 1
github.com/infracost/go-proto/pkg/address/address.go:345.11,346.98 1 1
github.com/infracost/go-proto/pkg/address/address.go:349.2,349.63 1 1
github.com/infracost/go-proto/pkg/address/address.go:353.42,354.62 1 1
github.com/infracost/go-proto/pkg/address/address.go:354.62,356.3 1 1
github.com/infracost/go-proto/pkg/address/address.go:357.2,357.26 1 1
github.com/infracost/go-proto/pkg/address/address.go:357.26,359.3 1 1
github.com/infracost/go-proto/pkg/address/address.go:360.2,360.52 1 1
github.com/infracost/go-proto/pkg/address/address.go:360.52,362.3 1 1
github.com/infracost/go-proto/pkg/address/address.go:363.2,365.6 3 1
github.com/infracost/go-proto/pkg/address/address.go:365.6,366.39 1 1
github.com/infracost/go-proto/pkg/address/address.go:366.39,368.4 1 1
github.com/infracost/go-proto/pkg/address/address.go:369.3,369.39 1 1
github.com/infracost/go-proto/pkg/address/address.go:369.39,371.4 1 1
github.com/infracost/go-proto/pkg/address/address.go:372.3,374.33 3 1
github.com/infracost/go-proto/pkg/address/address.go:374.33,376.4 1 0
github.com/infracost/go-proto/pkg/address/address.go:377.3,377.33 1 1
github.com/infracost/go-proto/pkg/address/address.go:377.33,379.4 1 0
github.com/infracost/go-proto/pkg/address/address.go:380.3,380.16 1 1
github.com/infracost/go-proto/pkg/address/address.go:380.16,381.18 1 1
github.com/infracost/go-proto/pkg/address/address.go:381.18,383.5 1 1
github.com/infracost/go-proto/pkg/address/address.go:385.3,385.16 1 1
github.com/infracost/go-proto/pkg/address/address.go:385.16,386.18 1 1
github.com/infracost/go-proto/pkg/address/address.go:386.18,388.5 1 0
github.com/infracost/go-proto/pkg/address/address.go:394.36,395.32 1 1
github.com/infracost/go-proto/pkg/address/address.go:395.32,397.3 1 1
github.com/infracost/go-proto/pkg/address/address.go:398.2,399.39 2 1
github.com/infracost/go-proto/pkg/address/address.go:399.39,405.3 1 1
github.com/infracost/go-proto/pkg/address/address.go:406.2,406.60 1 1
github.com/infracost/go-proto/pkg/address/address.go:410.38,411.32 1 1
github.com/infracost/go-proto/pkg/address/address.go:411.32,413.3 1 1
github.com/infracost/go-proto/pkg/address/address.go:414.2,415.39 2 1
github.com/infracost/go-proto/pkg/address/address.go:415.39,416.22 1 1
github.com/infracost/go-proto/pkg/address/address.go:416.22,418.4 1 1
github.com/infracost/go-proto/pkg/address/address.go:420.2,420.63 1 1
github.com/infracost/go-proto/pkg/address/address.go:424.49,425.32 1 1
github.com/infracost/go-proto/pkg/address/address.go:425.32,427.3 1 1
github.com/infracost/go-proto/pkg/address/address.go:428.2,428.36 1 1
github.com/infracost/go-proto/pkg/address/address.go:428.36,430.3 1 1
github.com/infracost/go-proto/pkg/address/address.go:431.2,433.3 1 1
github.com/infracost/go-proto/pkg/address/address.go:437.56,438.32 1 1
github.com/infracost/go-proto/pkg/address/address.go:438.32,440.26 2 1
github.com/infracost/go-proto/pkg/address/address.go:440.26,442.4 1 1
github.com/infracost/go-proto/pkg/address/address.go:443.3,443.23 1 1
github.com/infracost/go-proto/pkg/address/address.go:446.2,448.25 3 1
github.com/infracost/go-proto/pkg/address/address.go:448.25,450.3 1 1
github.com/infracost/go-proto/pkg/address/address.go:451.2,451.63 1 1
github.com/infracost/go-proto/pkg/address/address.go:455.67,456.18 1 1
github.com/infracost/go-proto/pkg/address/address.go:456.18,458.3 1 1
github.com/infracost/go-proto/pkg/address/address.go:459.2,461.53 3 1
github.com/infracost/go-proto/pkg/address/address.go:461.53,463.3 1 0
github.com/infracost/go-proto/pkg/address/address.go:464.2,466.14 3 1
github.com/infracost/go-proto/pkg/address/address.go:470.63,471.18 1 1
github.com/infracost/go-proto/pkg/address/address.go:471.18,473.3 1 1
github.com/infracost/go-proto/pkg/address/address.go:474.2,476.53 3 1
github.com/infracost/go-proto/pkg/address/address.go:476.53,478.3 1 1
github.com/infracost/go-proto/pkg/address/address.go:479.2,480.14 2 1
github.com/infracost/go-proto/pkg/address/address.go:484.40,485.44 1 1
github.com/infracost/go-proto/pkg/address/address.go:485.44,487.3 1 1
github.com/infracost/go-proto/pkg/address/address.go:488.2,489.26 2 1
github.com/infracost/go-proto/pkg/address/address.go:489.26,491.3 1 1
github.com/infracost/go-proto/pkg/address/address.go:492.2,492.11 1 1
github.com/infracost/go-proto/pkg/address/address.go:496.33,497.32 1 1
github.com/infracost/go-proto/pkg/address/address.go:497.32,499.3 1 1
github.com/infracost/go-proto/pkg/address/address.go:500.2,500.32 1 1
github.com/infracost/go-proto/pkg/address/address.go:500.32,502.3 1 1
github.com/infracost/go-proto/pkg/address/address.go:503.2,503.56 1 1
github.com/infracost/go-proto/pkg/address/address.go:507.51,509.2 1 1
github.com/infracost/go-proto/pkg/address/address.go:512.41,513.32 1 1
github.com/infracost/go-proto/pkg/address/address.go:513.32,515.3 1 1
github.com/infracost/go-proto/pkg/address/address.go:516.2,517.36 2 1
github.com/infracost/go-proto/pkg/address/address.go:517.36,520.3 2 1
github.com/infracost/go-proto/pkg/address/address.go:521.2,521.14 1 1
github.com/infracost/go-proto/pkg/address/address.go:525.33,529.2 3 1
github.com/infracost/go-proto/pkg/address/address.go:532.35,533.32 1 1
github.com/infracost/go-proto/pkg/address/address.go:533.32,535.3 1 1
github.com/infracost/go-proto/pkg/address/address.go:536.2,536.32 1 1
github.com/infracost/go-proto/pkg/address/address.go:536.32,538.3 1 1
github.com/infracost/go-proto/pkg/address/address.go:539.2,540.18 2 1
github.com/infracost/go-proto/pkg/address/address.go:540.18,543.3 2 1
github.com/infracost/go-proto/pkg/address/address.go:544.2,549.18 4 1
github.com/infracost/go-proto/pkg/address/address.go:549.18,551.3 1 0
github.com/infracost/go-proto/pkg/address/address.go:553.2,554.39 2 1
github.com/infracost/go-proto/pkg/address/address.go:554.39,555.10 1 1
github.com/infracost/go-proto/pkg/address/address.go:556.56,557.34 1 1
github.com/infracost/go-proto/pkg/address/address.go:558.28,559.40 1 1
github.com/infracost/go-proto/pkg/address/address.go:559.40,561.5 1 1
github.com/infracost/go-proto/pkg/address/address.go:561.10,563.5 1 1
github.com/infracost/go-proto/pkg/address/address.go:564.11,565.40 1 1
github.com/infracost/go-proto/pkg/address/address.go:565.40,567.5 1 1
github.com/infracost/go-proto/pkg/address/address.go:567.10,569.5 1 1
github.com/infracost/go-proto/pkg/address/address.go:572.2,575.15 3 1
github.com/infracost/go-proto/pkg/address/address.go:579.52,580.44 1 1
github.com/infracost/go-proto/pkg/address/address.go:580.44,582.3 1 1
github.com/infracost/go-proto/pkg/address/address.go:583.2,584.27 2 1
github.com/infracost/go-proto/pkg/address/address.go:584.27,586.3 1 1
github.com/infracost/go-proto/pkg/address/address.go:587.2,588.19 2 1
github.com/infracost/go-proto/pkg/address/hcl.go:11.62,13.31 2 0
github.com/infracost/go-proto/pkg/address/hcl.go:13.31,14.23 1 0
github.com/infracost/go-proto/pkg/address/hcl.go:14.23,15.28 1 0
github.com/infracost/go-proto/pkg/address/hcl.go:16.26,19.7 1 0
github.com/infracost/go-proto/pkg/address/hcl.go:20.26,23.7 1 0
github.com/infracost/go-proto/pkg/address/hcl.go:24.27,26.120 2 0
github.com/infracost/go-proto/pkg/address/hcl.go:26.120,31.6 1 0
github.com/infracost/go-proto/pkg/address/hcl.go:31.11,34.6 2 0
github.com/infracost/go-proto/pkg/address/hcl.go:38.2,38.63 1 0
github.com/infracost/go-proto/pkg/address/hcl.go:41.65,42.25 1 0
github.com/infracost/go-proto/pkg/address/hcl.go:43.18,45.17 2 0
github.com/infracost/go-proto/pkg/address/hcl.go:46.18,49.22 3 0
github.com/infracost/go-proto/pkg/address/hcl.go:50.10,51.18 1 0
github.com/infracost/go-proto/pkg/address/iterator.go:11.46,15.2 1 1
github.com/infracost/go-proto/pkg/address/iterator.go:32.41,34.2 1 0
github.com/infracost/go-proto/pkg/address/iterator.go:37.43,38.46 1 1
github.com/infracost/go-proto/pkg/address/iterator.go:38.46,40.3 1 1
github.com/infracost/go-proto/pkg/address/iterator.go:41.2,42.40 2 1
github.com/infracost/go-proto/pkg/address/iterator.go:42.40,44.3 1 1
github.com/infracost/go-proto/pkg/address/iterator.go:45.2,45.52 1 1
github.com/infracost/go-proto/pkg/address/iterator.go:45.52,47.3 1 0
github.com/infracost/go-proto/pkg/address/iterator.go:48.2,48.50 1 1
github.com/infracost/go-proto/pkg/address/iterator.go:48.50,50.3 1 1
github.com/infracost/go-proto/pkg/address/iterator.go:51.2,51.26 1 1
github.com/infracost/go-proto/pkg/address/iterator.go:55.34,57.2 1 1
github.com/infracost/go-proto/pkg/address/iterator.go:60.48,61.46 1 0
github.com/infracost/go-proto/pkg/address/iterator.go:61.46,63.3 1 0
github.com/infracost/go-proto/pkg/address/iterator.go:65.2,66.13 2 0
github.com/infracost/go-proto/pkg/address/iterator.go:66.13,67.38 1 0
github.com/infracost/go-proto/pkg/address/iterator.go:67.38,69.4 1 0
github.com/infracost/go-proto/pkg/address/iterator.go:70.3,70.41 1 0
github.com/infracost/go-proto/pkg/address/iterator.go:70.41,72.4 1 0
github.com/infracost/go-proto/pkg/address/iterator.go:74.3,74.18 1 0
github.com/infracost/go-proto/pkg/address/iterator.go:77.2,77.59 1 0
github.com/infracost/go-proto/pkg/address/iterator.go:77.59,78.26 1 0
github.com/infracost/go-proto/pkg/address/iterator.go:78.26,80.4 1 0
github.com/infracost/go-proto/pkg/address/iterator.go:81.3,81.29 1 0
github.com/infracost/go-proto/pkg/address/iterator.go:84.2,84.28 1 0
github.com/infracost/go-proto/pkg/address/iterator.go:88.47,89.46 1 1
github.com/infracost/go-proto/pkg/address/iterator.go:89.46,91.3 1 1
github.com/infracost/go-proto/pkg/address/iterator.go:93.2,94.13 2 1
github.com/infracost/go-proto/pkg/address/iterator.go:94.13,95.38 1 1
github.com/infracost/go-proto/pkg/address/iterator.go:95.38,99.4 3 1
github.com/infracost/go-proto/pkg/address/iterator.go:100.3,100.41 1 1
github.com/infracost/go-proto/pkg/address/iterator.go:100.41,104.4 3 1
github.com/infracost/go-proto/pkg/address/iterator.go:106.3,106.18 1 0
github.com/infracost/go-proto/pkg/address/iterator.go:109.2,109.59 1 1
github.com/infracost/go-proto/pkg/address/iterator.go:109.59,110.26 1 1
github.com/infracost/go-proto/pkg/address/iterator.go:110.26,113.4 2 1
github.com/infracost/go-proto/pkg/address/iterator.go:114.3,115.29 2 1
github.com/infracost/go-proto/pkg/address/iterator.go:118.2,119.28 2 1
github.com/infracost/go-proto/pkg/diagnostic/diagnostic.go:19.53,20.14 1 1
github.com/infracost/go-proto/pkg/diagnostic/diagnostic.go:20.14,22.3 1 1
github.com/infracost/go-proto/pkg/diagnostic/diagnostic.go:23.2,23.34 1 1
github.com/infracost/go-proto/pkg/diagnostic/diagnostic.go:58.49,61.2 2 1
github.com/infracost/go-proto/pkg/diagnostic/diagnostic.go:63.48,66.2 2 1
github.com/infracost/go-proto/pkg/diagnostic/diagnostic.go:68.50,71.2 2 1
github.com/infracost/go-proto/pkg/diagnostic/diagnostic.go:74.87,76.2 1 1
github.com/infracost/go-proto/pkg/diagnostic/diagnostic.go:79.79,81.2 1 1
github.com/infracost/go-proto/pkg/diagnostic/diagnostic.go:84.66,93.16 3 1
github.com/infracost/go-proto/pkg/diagnostic/diagnostic.go:93.16,95.3 1 1
github.com/infracost/go-proto/pkg/diagnostic/diagnostic.go:95.8,97.3 1 1
github.com/infracost/go-proto/pkg/diagnostic/diagnostic.go:98.2,98.10 1 1
github.com/infracost/go-proto/pkg/diagnostic/diagnostic.go:105.32,106.16 1 1
github.com/infracost/go-proto/pkg/diagnostic/diagnostic.go:106.16,108.3 1 1
github.com/infracost/go-proto/pkg/diagnostic/diagnostic.go:109.2,109.40 1 1
github.com/infracost/go-proto/pkg/diagnostic/diagnostic.go:109.40,110.30 1 1
github.com/infracost/go-proto/pkg/diagnostic/diagnostic.go:110.30,112.4 1 1
github.com/infracost/go-proto/pkg/diagnostic/diagnostic.go:114.2,114.14 1 1
github.com/infracost/go-proto/pkg/diagnostic/diagnostic.go:118.46,120.2 1 1
github.com/infracost/go-proto/pkg/diagnostic/diagnostic.go:123.85,126.2 2 1
github.com/infracost/go-proto/pkg/diagnostic/diagnostic.go:129.61,132.2 2 1
github.com/infracost/go-proto/pkg/diagnostic/diagnostic.go:135.38,136.26 1 1
github.com/infracost/go-proto/pkg/diagnostic/diagnostic.go:136.26,138.3 1 1
github.com/infracost/go-proto/pkg/diagnostic/diagnostic.go:139.2,139.114 1 1
github.com/infracost/go-proto/pkg/diagnostic/diagnostic.go:142.46,144.22 2 1
github.com/infracost/go-proto/pkg/diagnostic/diagnostic.go:144.22,145.14 1 1
github.com/infracost/go-proto/pkg/diagnostic/diagnostic.go:145.14,147.4 1 0
github.com/infracost/go-proto/pkg/diagnostic/diagnostic.go:148.3,148.34 1 1
github.com/infracost/go-proto/pkg/diagnostic/diagnostic.go:150.2,150.10 1 1
github.com/infracost/go-proto/pkg/diagnostic/diagnostic.go:153.58,155.14 1 1
github.com/infracost/go-proto/pkg/diagnostic/diagnostic.go:155.14,157.3 1 0
github.com/infracost/go-proto/pkg/diagnostic/diagnostic.go:159.2,159.102 1 1
github.com/infracost/go-proto/pkg/diagnostic/diagnostic.go:159.102,161.3 1 1
github.com/infracost/go-proto/pkg/diagnostic/diagnostic.go:163.2,163.41 1 1
github.com/infracost/go-proto/pkg/diagnostic/diagnostic.go:163.41,165.3 1 1
github.com/infracost/go-proto/pkg/diagnostic/diagnostic.go:167.2,168.30 2 1
github.com/infracost/go-proto/pkg/diagnostic/diagnostic.go:168.30,170.3 1 1
github.com/infracost/go-proto/pkg/diagnostic/diagnostic.go:172.2,172.37 1 1
github.com/infracost/go-proto/pkg/diagnostic/diagnostics.go:19.55,21.29 2 1
github.com/infracost/go-proto/pkg/diagnostic/diagnostics.go:21.29,23.3 1 1
github.com/infracost/go-proto/pkg/diagnostic/diagnostics.go:24.2,24.11 1 1
github.com/infracost/go-proto/pkg/diagnostic/diagnostics.go:28.59,30.29 2 1
github.com/infracost/go-proto/pkg/diagnostic/diagnostics.go:30.29,32.3 1 1
github.com/infracost/go-proto/pkg/diagnostic/diagnostics.go:33.2,33.11 1 1
github.com/infracost/go-proto/pkg/diagnostic/diagnostics.go:38.39,39.14 1 1
github.com/infracost/go-proto/pkg/diagnostic/diagnostics.go:39.14,41.3 1 1
github.com/infracost/go-proto/pkg/diagnostic/diagnostics.go:42.2,43.30 2 1
github.com/infracost/go-proto/pkg/diagnostic/diagnostics.go:43.30,45.3 1 1
github.com/infracost/go-proto/pkg/diagnostic/diagnostics.go:46.2,46.12 1 1
github.com/infracost/go-proto/pkg/diagnostic/diagnostics.go:49.70,50.14 1 1
github.com/infracost/go-proto/pkg/diagnostic/diagnostics.go:50.14,52.3 1 1
github.com/infracost/go-proto/pkg/diagnostic/diagnostics.go:53.2,54.27 2 1
github.com/infracost/go-proto/pkg/diagnostic/diagnostics.go:54.27,55.18 1 1
github.com/infracost/go-proto/pkg/diagnostic/diagnostics.go:55.18,57.4 1 1
github.com/infracost/go-proto/pkg/diagnostic/diagnostics.go:59.2,59.12 1 1
github.com/infracost/go-proto/pkg/diagnostic/diagnostics.go:62.62,63.14 1 1
github.com/infracost/go-proto/pkg/diagnostic/diagnostics.go:63.14,65.3 1 1
github.com/infracost/go-proto/pkg/diagnostic/diagnostics.go:66.2,66.18 1 1
github.com/infracost/go-proto/pkg/diagnostic/diagnostics.go:66.18,68.3 1 1
github.com/infracost/go-proto/pkg/diagnostic/diagnostics.go:69.2,69.34 1 1
github.com/infracost/go-proto/pkg/diagnostic/diagnostics.go:69.34,71.3 1 1
github.com/infracost/go-proto/pkg/diagnostic/diagnostics.go:72.2,72.10 1 1
github.com/infracost/go-proto/pkg/diagnostic/diagnostics.go:75.46,76.14 1 1
github.com/infracost/go-proto/pkg/diagnostic/diagnostics.go:76.14,78.3 1 1
github.com/infracost/go-proto/pkg/diagnostic/diagnostics.go:79.2,79.15 1 1
github.com/infracost/go-proto/pkg/diagnostic/diagnostics.go:82.56,83.14 1 1
github.com/infracost/go-proto/pkg/diagnostic/diagnostics.go:83.14,85.3 1 1
github.com/infracost/go-proto/pkg/diagnostic/diagnostics.go:86.2,87.30 2 1
github.com/infracost/go-proto/pkg/diagnostic/diagnostics.go:87.30,89.3 1 1
github.com/infracost/go-proto/pkg/diagnostic/diagnostics.go:90.2,90.12 1 1
github.com/infracost/go-proto/pkg/diagnostic/diagnostics.go:93.62,94.14 1 1
github.com/infracost/go-proto/pkg/diagnostic/diagnostics.go:94.14,96.3 1 1
github.com/infracost/go-proto/pkg/diagnostic/diagnostics.go:97.2,97.29 1 1
github.com/infracost/go-proto/pkg/diagnostic/diagnostics.go:97.29,98.20 1 1
github.com/infracost/go-proto/pkg/diagnostic/diagnostics.go:98.20,101.4 2 1
github.com/infracost/go-proto/pkg/diagnostic/diagnostics.go:101.9,101.54 1 1
github.com/infracost/go-proto/pkg/diagnostic/diagnostics.go:101.54,104.4 2 1
github.com/infracost/go-proto/pkg/diagnostic/diagnostics.go:106.2,106.10 1 1
github.com/infracost/go-proto/pkg/diagnostic/diagnostics.go:109.33,110.14 1 1
github.com/infracost/go-proto/pkg/diagnostic/diagnostics.go:110.14,112.3 1 1
github.com/infracost/go-proto/pkg/diagnostic/diagnostics.go:113.2,113.20 1 1
github.com/infracost/go-proto/pkg/diagnostic/diagnostics.go:116.47,117.14 1 1
github.com/infracost/go-proto/pkg/diagnostic/diagnostics.go:117.14,119.3 1 1
github.com/infracost/go-proto/pkg/diagnostic/diagnostics.go:120.2,121.27 2 1
github.com/infracost/go-proto/pkg/diagnostic/diagnostics.go:121.27,122.17 1 1
github.com/infracost/go-proto/pkg/diagnostic/diagnostics.go:122.17,124.4 1 1
github.com/infracost/go-proto/pkg/diagnostic/diagnostics.go:126.2,126.12 1 1
github.com/infracost/go-proto/pkg/diagnostic/diagnostics.go:129.50,130.14 1 1
github.com/infracost/go-proto/pkg/diagnostic/diagnostics.go:130.14,132.3 1 1
github.com/infracost/go-proto/pkg/diagnostic/diagnostics.go:133.2,134.27 2 1
github.com/infracost/go-proto/pkg/diagnostic/diagnostics.go:134.27,135.32 1 1
github.com/infracost/go-proto/pkg/diagnostic/diagnostics.go:135.32,137.4 1 1
github.com/infracost/go-proto/pkg/diagnostic/diagnostics.go:139.2,139.12 1 1
github.com/infracost/go-proto/pkg/diagnostic/diagnostics.go:142.46,143.14 1 1
github.com/infracost/go-proto/pkg/diagnostic/diagnostics.go:143.14,145.3 1 1
github.com/infracost/go-proto/pkg/diagnostic/diagnostics.go:146.2,147.27 2 1
github.com/infracost/go-proto/pkg/diagnostic/diagnostics.go:147.27,148.16 1 1
github.com/infracost/go-proto/pkg/diagnostic/diagnostics.go:148.16,150.4 1 1
github.com/infracost/go-proto/pkg/diagnostic/diagnostics.go:152.2,152.12 1 1
github.com/infracost/go-proto/pkg/diagnostic/diagnostics.go:155.48,156.14 1 1
github.com/infracost/go-proto/pkg/diagnostic/diagnostics.go:156.14,158.3 1 1
github.com/infracost/go-proto/pkg/diagnostic/diagnostics.go:159.2,160.27 2 1
github.com/infracost/go-proto/pkg/diagnostic/diagnostics.go:160.27,161.26 1 1
github.com/infracost/go-proto/pkg/diagnostic/diagnostics.go:161.26,163.4 1 1
github.com/infracost/go-proto/pkg/diagnostic/diagnostics.go:165.2,165.12 1 1
github.com/infracost/go-proto/pkg/rat/rat.go:20.33,22.2 1 1
github.com/infracost/go-proto/pkg/rat/rat.go:25.38,26.14 1 1
github.com/infracost/go-proto/pkg/rat/rat.go:26.14,28.3 1 1
github.com/infracost/go-proto/pkg/rat/rat.go:29.2,29.29 1 1
github.com/infracost/go-proto/pkg/rat/rat.go:29.29,31.3 1 0
github.com/infracost/go-proto/pkg/rat/rat.go:32.2,32.54 1 1
github.com/infracost/go-proto/pkg/rat/rat.go:32.54,34.3 1 0
github.com/infracost/go-proto/pkg/rat/rat.go:35.2,36.16 2 1
github.com/infracost/go-proto/pkg/rat/rat.go:36.16,38.3 1 1
github.com/infracost/go-proto/pkg/rat/rat.go:39.2,42.4 1 1
github.com/infracost/go-proto/pkg/rat/rat.go:46.37,47.14 1 1
github.com/infracost/go-proto/pkg/rat/rat.go:47.14,49.3 1 1
github.com/infracost/go-proto/pkg/rat/rat.go:50.2,54.3 1 1
github.com/infracost/go-proto/pkg/rat/rat.go:58.45,59.14 1 1
github.com/infracost/go-proto/pkg/rat/rat.go:59.14,61.3 1 0
github.com/infracost/go-proto/pkg/rat/rat.go:62.2,63.58 2 1
github.com/infracost/go-proto/pkg/rat/rat.go:67.45,69.46 2 1
github.com/infracost/go-proto/pkg/rat/rat.go:69.46,71.3 1 0
github.com/infracost/go-proto/pkg/rat/rat.go:72.2,72.17 1 1
github.com/infracost/go-proto/pkg/rat/rat.go:72.17,75.3 2 1
github.com/infracost/go-proto/pkg/rat/rat.go:76.2,77.16 2 1
github.com/infracost/go-proto/pkg/rat/rat.go:77.16,79.3 1 1
github.com/infracost/go-proto/pkg/rat/rat.go:80.2,81.12 2 1
github.com/infracost/go-proto/pkg/rat/rat.go:95.44,97.9 2 1
github.com/infracost/go-proto/pkg/rat/rat.go:97.9,99.3 1 1
github.com/infracost/go-proto/pkg/rat/rat.go:100.2,100.21 1 1
github.com/infracost/go-proto/pkg/rat/rat.go:104.33,106.30 2 1
github.com/infracost/go-proto/pkg/rat/rat.go:107.12,108.15 1 1
github.com/infracost/go-proto/pkg/rat/rat.go:108.15,110.4 1 1
github.com/infracost/go-proto/pkg/rat/rat.go:111.3,111.24 1 1
github.com/infracost/go-proto/pkg/rat/rat.go:112.14,113.15 1 1
github.com/infracost/go-proto/pkg/rat/rat.go:113.15,115.4 1 1
github.com/infracost/go-proto/pkg/rat/rat.go:116.3,116.24 1 1
github.com/infracost/go-proto/pkg/rat/rat.go:117.14,118.15 1 1
github.com/infracost/go-proto/pkg/rat/rat.go:118.15,120.4 1 1
github.com/infracost/go-proto/pkg/rat/rat.go:121.3,121.24 1 1
github.com/infracost/go-proto/pkg/rat/rat.go:122.14,123.15 1 1
github.com/infracost/go-proto/pkg/rat/rat.go:123.15,125.4 1 1
github.com/infracost/go-proto/pkg/rat/rat.go:126.3,126.17 1 1
github.com/infracost/go-proto/pkg/rat/rat.go:127.13,128.15 1 1
github.com/infracost/go-proto/pkg/rat/rat.go:128.15,130.4 1 1
github.com/infracost/go-proto/pkg/rat/rat.go:131.3,131.26 1 1
github.com/infracost/go-proto/pkg/rat/rat.go:132.15,133.15 1 1
github.com/infracost/go-proto/pkg/rat/rat.go:133.15,135.4 1 1
github.com/infracost/go-proto/pkg/rat/rat.go:136.3,136.26 1 1
github.com/infracost/go-proto/pkg/rat/rat.go:137.15,138.15 1 1
github.com/infracost/go-proto/pkg/rat/rat.go:138.15,140.4 1 1
github.com/infracost/go-proto/pkg/rat/rat.go:141.3,141.26 1 1
github.com/infracost/go-proto/pkg/rat/rat.go:142.15,143.15 1 1
github.com/infracost/go-proto/pkg/rat/rat.go:143.15,145.4 1 1
github.com/infracost/go-proto/pkg/rat/rat.go:146.3,146.18 1 1
github.com/infracost/go-proto/pkg/rat/rat.go:147.16,148.15 1 1
github.com/infracost/go-proto/pkg/rat/rat.go:148.15,150.4 1 1
github.com/infracost/go-proto/pkg/rat/rat.go:151.3,151.28 1 1
github.com/infracost/go-proto/pkg/rat/rat.go:152.16,153.15 1 1
github.com/infracost/go-proto/pkg/rat/rat.go:153.15,155.4 1 1
github.com/infracost/go-proto/pkg/rat/rat.go:156.3,156.19 1 1
github.com/infracost/go-proto/pkg/rat/rat.go:157.11,158.23 1 1
github.com/infracost/go-proto/pkg/rat/rat.go:159.13,160.23 1 1
github.com/infracost/go-proto/pkg/rat/rat.go:161.13,162.23 1 1
github.com/infracost/go-proto/pkg/rat/rat.go:163.13,164.16 1 1
github.com/infracost/go-proto/pkg/rat/rat.go:165.12,166.25 1 1
github.com/infracost/go-proto/pkg/rat/rat.go:167.14,168.25 1 1
github.com/infracost/go-proto/pkg/rat/rat.go:169.14,170.25 1 1
github.com/infracost/go-proto/pkg/rat/rat.go:171.14,172.17 1 1
github.com/infracost/go-proto/pkg/rat/rat.go:173.15,174.27 1 1
github.com/infracost/go-proto/pkg/rat/rat.go:175.15,176.18 1 1
github.com/infracost/go-proto/pkg/rat/rat.go:177.16,178.14 1 1
github.com/infracost/go-proto/pkg/rat/rat.go:180.2,182.3 1 1
github.com/infracost/go-proto/pkg/rat/rat.go:185.28,186.14 1 1
github.com/infracost/go-proto/pkg/rat/rat.go:186.14,188.3 1 0
github.com/infracost/go-proto/pkg/rat/rat.go:189.2,191.3 1 1
github.com/infracost/go-proto/pkg/rat/rat.go:195.29,196.14 1 1
github.com/infracost/go-proto/pkg/rat/rat.go:196.14,198.3 1 1
github.com/infracost/go-proto/pkg/rat/rat.go:199.2,199.62 1 1
github.com/infracost/go-proto/pkg/rat/rat.go:203.25,204.14 1 1
github.com/infracost/go-proto/pkg/rat/rat.go:204.14,206.3 1 1
github.com/infracost/go-proto/pkg/rat/rat.go:207.2,207.23 1 1
github.com/infracost/go-proto/pkg/rat/rat.go:211.33,212.14 1 1
github.com/infracost/go-proto/pkg/rat/rat.go:212.14,214.3 1 1
github.com/infracost/go-proto/pkg/rat/rat.go:215.2,216.10 2 1
github.com/infracost/go-proto/pkg/rat/rat.go:220.32,221.29 1 1
github.com/infracost/go-proto/pkg/rat/rat.go:221.29,223.3 1 0
github.com/infracost/go-proto/pkg/rat/rat.go:224.2,224.10 1 1
github.com/infracost/go-proto/pkg/rat/rat.go:228.32,229.26 1 1
github.com/infracost/go-proto/pkg/rat/rat.go:229.26,231.3 1 1
github.com/infracost/go-proto/pkg/rat/rat.go:232.2,232.10 1 0
github.com/infracost/go-proto/pkg/rat/rat.go:236.32,237.26 1 1
github.com/infracost/go-proto/pkg/rat/rat.go:237.26,239.3 1 1
github.com/infracost/go-proto/pkg/rat/rat.go:240.2,240.55 1 1
github.com/infracost/go-proto/pkg/rat/rat.go:244.32,245.26 1 1
github.com/infracost/go-proto/pkg/rat/rat.go:245.26,247.3 1 1
github.com/infracost/go-proto/pkg/rat/rat.go:248.2,248.55 1 1
github.com/infracost/go-proto/pkg/rat/rat.go:252.32,253.14 1 1
github.com/infracost/go-proto/pkg/rat/rat.go:253.14,255.3 1 1
github.com/infracost/go-proto/pkg/rat/rat.go:256.2,256.14 1 1
github.com/infracost/go-proto/pkg/rat/rat.go:256.14,258.3 1 1
github.com/infracost/go-proto/pkg/rat/rat.go:259.2,259.55 1 1
github.com/infracost/go-proto/pkg/rat/rat.go:263.32,264.14 1 1
github.com/infracost/go-proto/pkg/rat/rat.go:264.14,266.3 1 1
github.com/infracost/go-proto/pkg/rat/rat.go:267.2,267.14 1 1
github.com/infracost/go-proto/pkg/rat/rat.go:267.14,269.3 1 1
github.com/infracost/go-proto/pkg/rat/rat.go:270.2,270.55 1 1
github.com/infracost/go-proto/pkg/rat/rat.go:274.31,275.14 1 1
github.com/infracost/go-proto/pkg/rat/rat.go:275.14,277.3 1 1
github.com/infracost/go-proto/pkg/rat/rat.go:278.2,279.44 2 1
github.com/infracost/go-proto/pkg/rat/rat.go:283.49,284.14 1 1
github.com/infracost/go-proto/pkg/rat/rat.go:284.14,286.3 1 1
github.com/infracost/go-proto/pkg/rat/rat.go:287.2,287.42 1 1
github.com/infracost/go-proto/pkg/rat/rat.go:291.40,292.14 1 1
github.com/infracost/go-proto/pkg/rat/rat.go:292.14,294.3 1 1
github.com/infracost/go-proto/pkg/rat/rat.go:295.2,295.14 1 1
github.com/infracost/go-proto/pkg/rat/rat.go:295.14,297.3 1 1
github.com/infracost/go-proto/pkg/rat/rat.go:298.2,298.39 1 1
github.com/infracost/go-proto/pkg/rat/rat.go:305.38,306.14 1 1
github.com/infracost/go-proto/pkg/rat/rat.go:306.14,308.3 1 1
github.com/infracost/go-proto/pkg/rat/rat.go:309.2,309.42 1 1
github.com/infracost/go-proto/pkg/rat/rat.go:313.37,314.14 1 1
github.com/infracost/go-proto/pkg/rat/rat.go:314.14,316.3 1 1
github.com/infracost/go-proto/pkg/rat/rat.go:317.2,317.14 1 1
github.com/infracost/go-proto/pkg/rat/rat.go:317.14,319.3 1 1
github.com/infracost/go-proto/pkg/rat/rat.go:320.2,320.39 1 1
github.com/infracost/go-proto/pkg/rat/rat.go:324.44,325.14 1 1
github.com/infracost/go-proto/pkg/rat/rat.go:325.14,327.3 1 1
github.com/infracost/go-proto/pkg/rat/rat.go:328.2,328.14 1 1
github.com/infracost/go-proto/pkg/rat/rat.go:328.14,330.3 1 1
github.com/infracost/go-proto/pkg/rat/rat.go:331.2,331.40 1 1
github.com/infracost/go-proto/pkg/rat/rat.go:335.47,336.14 1 1
github.com/infracost/go-proto/pkg/rat/rat.go:336.14,338.3 1 1
github.com/infracost/go-proto/pkg/rat/rat.go:339.2,339.14 1 1
github.com/infracost/go-proto/pkg/rat/rat.go:339.14,341.3 1 1
github.com/infracost/go-proto/pkg/rat/rat.go:342.2,342.40 1 1
github.com/infracost/go-proto/pkg/rat/rat.go:346.29,348.2 1 1
github.com/infracost/go-proto/pkg/rat/rat.go:351.35,352.14 1 1
github.com/infracost/go-proto/pkg/rat/rat.go:352.14,354.3 1 1
github.com/infracost/go-proto/pkg/rat/rat.go:355.2,355.14 1 1
github.com/infracost/go-proto/pkg/rat/rat.go:355.14,357.3 1 1
github.com/infracost/go-proto/pkg/rat/rat.go:358.2,358.40 1 1
github.com/infracost/go-proto/pkg/rat/rat.go:362.30,363.14 1 1
github.com/infracost/go-proto/pkg/rat/rat.go:363.14,365.3 1 1
github.com/infracost/go-proto/pkg/rat/rat.go:366.2,366.90 1 1
github.com/infracost/go-proto/pkg/rat/rat.go:370.27,371.14 1 1
github.com/infracost/go-proto/pkg/rat/rat.go:371.14,373.3 1 1
github.com/infracost/go-proto/pkg/rat/rat.go:374.2,374.24 1 1
github.com/infracost/go-proto/pkg/rat/rat.go:374.24,376.3 1 1
github.com/infracost/go-proto/pkg/rat/rat.go:378.2,380.37 3 1
github.com/infracost/go-proto/pkg/rat/rat.go:384.28,385.14 1 1
github.com/infracost/go-proto/pkg/rat/rat.go:385.14,387.3 1 1
github.com/infracost/go-proto/pkg/rat/rat.go:388.2,388.24 1 1
github.com/infracost/go-proto/pkg/rat/rat.go:388.24,390.3 1 1
github.com/infracost/go-proto/pkg/rat/rat.go:392.2,392.90 1 1
github.com/infracost/go-proto/pkg/rat/rat.go:396.38,397.14 1 1
github.com/infracost/go-proto/pkg/rat/rat.go:397.14,399.3 1 1
github.com/infracost/go-proto/pkg/rat/rat.go:400.2,400.16 1 1
github.com/infracost/go-proto/pkg/rat/rat.go:400.16,402.3 1 1
github.com/infracost/go-proto/pkg/rat/rat.go:405.2,421.28 9 1
github.com/infracost/go-proto/pkg/rat/rat.go:421.28,422.24 1 1
github.com/infracost/go-proto/pkg/rat/rat.go:422.24,424.4 1 1
github.com/infracost/go-proto/pkg/rat/rat.go:424.9,426.4 1 0
github.com/infracost/go-proto/pkg/rat/rat.go:430.2,433.21 3 1
github.com/infracost/go-proto/pkg/rat/rat.go:437.26,438.14 1 1
github.com/infracost/go-proto/pkg/rat/rat.go:438.14,440.3 1 1
github.com/infracost/go-proto/pkg/rat/rat.go:441.2,441.43 1 1
github.com/infracost/go-proto/pkg/rat/rat.go:446.50,447.14 1 1
github.com/infracost/go-proto/pkg/rat/rat.go:447.14,449.3 1 1
github.com/infracost/go-proto/pkg/rat/rat.go:450.2,454.63 3 1
github.com/infracost/go-proto/pkg/rat/rat.go:458.26,459.14 1 1
github.com/infracost/go-proto/pkg/rat/rat.go:459.14,461.3 1 1
github.com/infracost/go-proto/pkg/rat/rat.go:462.2,462.43 1 1
